[00:00] Crash dump logging enabled: /Users/runner/work/ComfyUI-SAM3DBody/ComfyUI-SAM3DBody/comfy-test-logs/SAM3DBody-1256/macos-cpu/crash_dump.log
[00:00] 
[00:00] [1/3] REGISTRATION
[00:00] ----------------------------------------
[00:00] [DEBUG] server=None, server_url=http://127.0.0.1:8188, api=None
[00:00] 
Connecting to existing server at http://127.0.0.1:8188...
[00:00] Connecting to existing server at http://127.0.0.1:8188...
[00:00] Connected to server! (attempt 1, 0.0s)
[00:00] Checking for import errors in server logs...
[00:00] No import errors detected
[00:00] Found 661 registered nodes
[00:00] [REGISTRATION] PASSED
[00:00] 
[00:00] [2/3] INSTANTIATION
[00:00] ----------------------------------------
[00:00] [DEBUG] server=<comfy_test.comfyui.server.ExternalComfyUIServer object at 0x10199c6e0>, server_url=http://127.0.0.1:8188, api=<comfy_test.comfyui.api.ComfyUIAPI object at 0x10199c830>
[00:00] Testing node constructors...
[00:08] All 15 node(s) instantiated successfully!
[00:08] [INSTANTIATION] PASSED
[00:08] 
[00:08] [3/3] EXECUTION
[00:08] ----------------------------------------
[00:08] [DEBUG] server=<comfy_test.comfyui.server.ExternalComfyUIServer object at 0x10199c6e0>, server_url=http://127.0.0.1:8188, api=<comfy_test.comfyui.api.ComfyUIAPI object at 0x10199c830>
[00:08] CPU runner - will execute 1 workflow(s)
[00:08] Running 5 workflow(s) (all with videos)...
[00:11] Execution path: browser (Playwright)
[00:11]   [1/5] SKIPPED (not in cpu list) multiple_masks.json
[00:12]   [2/5] SKIPPED (not in cpu list) multiple_masks_depthcorrected.json
[00:54]   [4/5] SKIPPED (not in cpu list) rigging.json
[00:55]   [5/5] SKIPPED (not in cpu list) workflow.json
[00:55] Results saved to /Users/runner/work/ComfyUI-SAM3DBody/ComfyUI-SAM3DBody/comfy-test-logs/SAM3DBody-1256/macos-cpu/results.json
[00:55] Saved: /Users/runner/work/ComfyUI-SAM3DBody/ComfyUI-SAM3DBody/comfy-test-logs/SAM3DBody-1256/macos-cpu/index.html
[00:55] [EXECUTION] PASSED
[00:55] 
macos: PASSED
