[00:00] Crash dump logging enabled: /home/runner/work/ComfyUI-SAM3DBody/ComfyUI-SAM3DBody/comfy-test-logs/SAM3DBody-1308/linux-cpu/crash_dump.log
[00:00] 
[00:00] [1/3] REGISTRATION
[00:00] ----------------------------------------
[00:00] [DEBUG] server=None, server_url=http://127.0.0.1:8188, api=None
[00:00] 
Connecting to existing server at http://127.0.0.1:8188...
[00:00] Connecting to existing server at http://127.0.0.1:8188...
[00:00] Connected to server! (attempt 1, 0.0s)
[00:00] Checking for import errors in server logs...
[00:00] No import errors detected
[00:00] Found 661 registered nodes
[00:00] [REGISTRATION] PASSED
[00:00] 
[00:00] [2/3] INSTANTIATION
[00:00] ----------------------------------------
[00:00] [DEBUG] server=<comfy_test.comfyui.server.ExternalComfyUIServer object at 0x7fddee4c8830>, server_url=http://127.0.0.1:8188, api=<comfy_test.comfyui.api.ComfyUIAPI object at 0x7fddee4c8980>
[00:00] Testing node constructors...
[00:03] All 15 node(s) instantiated successfully!
[00:03] [INSTANTIATION] PASSED
[00:03] 
[00:03] [3/3] EXECUTION
[00:03] ----------------------------------------
[00:03] [DEBUG] server=<comfy_test.comfyui.server.ExternalComfyUIServer object at 0x7fddee4c8830>, server_url=http://127.0.0.1:8188, api=<comfy_test.comfyui.api.ComfyUIAPI object at 0x7fddee4c8980>
[00:03] CPU runner - will execute 1 workflow(s)
[00:03] Running 5 workflow(s) (all with videos)...
[00:03] Execution path: browser (Playwright)
[00:03]   [1/5] SKIPPED (not in cpu list) multiple_masks.json
[00:04]   [2/5] SKIPPED (not in cpu list) multiple_masks_depthcorrected.json
[00:37]   [4/5] SKIPPED (not in cpu list) rigging.json
[00:37]   [5/5] SKIPPED (not in cpu list) workflow.json
[00:37] Results saved to /home/runner/work/ComfyUI-SAM3DBody/ComfyUI-SAM3DBody/comfy-test-logs/SAM3DBody-1308/linux-cpu/results.json
[00:37] Saved: /home/runner/work/ComfyUI-SAM3DBody/ComfyUI-SAM3DBody/comfy-test-logs/SAM3DBody-1308/linux-cpu/index.html
[00:37] [EXECUTION] PASSED
[00:37] 
linux: PASSED
