[Console-error] Failed to load resource: the server responded with a status of 404 (Not Found)
[Console-error] Failed to load resource: the server responded with a status of 404 (Not Found)
[Console-error] Failed to load resource: the server responded with a status of 404 (Not Found)
[Console-error] Failed to load resource: the server responded with a status of 404 (Not Found)
[Console-error] Failed to load resource: the server responded with a status of 404 (Not Found)
[Console-error] Failed to load resource: the server responded with a status of 404 (Not Found)
[Console-log] [DA3] Depth Anything V3 dynamic input management loaded
[Console-log] [FBX Preview] Auto-registering for all known FBX preview node types...
[Console-log] [UniRig] Loading FBX mesh preview extension...
[Console-log] [UniRig] Detected extension folder: ComfyUI-SAM3DBody
[Console-log] [UniRig] FBX mesh preview extension registered
[Console-log] [SAM3DBody] Loading FBX mesh preview extension...
[Console-log] [SAM3DBody] Detected extension folder: ComfyUI-SAM3DBody
[Console-log] [SAM3DBody] FBX mesh preview extension registered
[Console-log] [MotionCapture] Loading FBX mesh preview extension...
[Console-log] [MotionCapture] Detected extension folder: ComfyUI-SAM3DBody
[Console-log] [MotionCapture] FBX mesh preview extension registered
[Console-log] [MotionCapture] Loading FBX mesh preview extension...
[Console-log] [MotionCapture] Detected extension folder: ComfyUI-SAM3DBody
[Console-log] [MotionCapture] FBX mesh preview extension registered
[Console-log] [DepthAnythingV3] Loading VTK point cloud preview extension...
[Console-log] [DepthAnythingV3] VTK Point Cloud Preview extension loaded
[Console-warning] WARNING: Multiple instances of Three.js being imported.
[Console-warning] [MaskEditor] ComfyApp.open_maskeditor is deprecated. Plugins should migrate to using the command system or direct node context menu integration.
[Console-log] [SAM3DBody] Registering Preview Rigged Mesh node
[Console-log] [DepthAnythingV3] Registering Preview Point Cloud node
[Console-log] [SAM3DBody] Node created, adding FBX viewer widget
[Console-log] [SAM3DBody] Setting iframe src to: /extensions/ComfyUI-SAM3DBody/viewer_fbx.html?v=1771333689158
[Console-log] [SAM3DBody] Widget created: DOMWidgetImpl
[Console-log] [FBX Viewer] Three.js bundle loaded from: http://127.0.0.1:8188/extensions/ComfyUI-SAM3DBody/js/viewer-bundle-three.js
[Console-log] [FBX Viewer] Initializing...
[Console-log] [FBX Viewer] Ready
[Console-log] [SAM3DBody] Viewer iframe is ready!
[Console-log] [SAM3DBody] Iframe loaded successfully
[Console-warning] [.WebGL-0x1b4c05a4ce00]GL Driver Message (OpenGL, Performance, GL_CLOSE_PATH_NV, High): GPU stall due to ReadPixels
[Console-warning] [.WebGL-0x1b4c05a4ce00]GL Driver Message (OpenGL, Performance, GL_CLOSE_PATH_NV, High): GPU stall due to ReadPixels
[Console-warning] [.WebGL-0x1b4c05a4ce00]GL Driver Message (OpenGL, Performance, GL_CLOSE_PATH_NV, High): GPU stall due to ReadPixels
[Console-warning] [.WebGL-0x1b4c05a4ce00]GL Driver Message (OpenGL, Performance, GL_CLOSE_PATH_NV, High): GPU stall due to ReadPixels (this message will no longer repeat)
[Console-log] [comfy-test] graphToPrompt: 2 nodes, missing class_type: [], sample: {"inputs":{"fbx_output_path":["4",0],"preview":""},"class_type":"SAM3DBodyPreviewRiggedMesh","_meta":{"title":"SAM 3D Body: Preview Rigged Mesh"}}
[Console-log] [SAM3DBody] onExecuted called with message: {fbx_file: Array(1), has_skinning: Array(1), has_skeleton: Array(1)}
[Console-log] [SAM3DBody] Loading FBX: /home/runner/work/ComfyUI-SAM3DBody/ComfyUI-SAM3DBody/ComfyUI/input/sam3d_rigged.fbx
[Console-log] [SAM3DBody] Sending postMessage to iframe: http://127.0.0.1:8188/view?filename=sam3d_rigged.fbx&type=input&subfolder=
[Console-log] [FBX Viewer] Received postMessage: {type: LOAD_FBX, filepath: http://127.0.0.1:8188/view?filename=sam3d_rigged.fbx&type=input&subfolder=, timestamp: 1771333697993}
[Console-log] [FBX Viewer] Loading: http://127.0.0.1:8188/view?filename=sam3d_rigged.fbx&type=input&subfolder=
[Console-log] [FBX Viewer] FBX loaded successfully